# mimo  exit/소요초: 0 838
# 원본 크기:    49946 bytes (아래는 마지막 4KB)
---
d consecutive absent tracking to audit_model_inventory"
Ruff Format..............................................................Failed
- hook id: ruff-format
- files were modified by this hook

1 file reformatted, 1 file left unchanged

Ruff Lint................................................................Passed
Bandit Security Scan.....................................................Passed
Multi-Agent Entry Points & Skill Consistency.........(no files to check)Skipped
Trim Trailing Whitespace.................................................Passed
Fix End of Files.........................................................Passed
Check YAML...........................................(no files to check)Skipped
Check TOML...........................................(no files to check)Skipped
Check Merge Conflict.....................................................Passed
[0m
[0m$ [0mgit diff --stat
scripts/audit_model_inventory.py | 11 ++++++++---
 1 file changed, 8 insertions(+), 3 deletions(-)
[0m
[0m$ [0mgit add scripts/audit_model_inventory.py && git commit -m "feat: add consecutive absent tracking to audit_model_inventory"
Ruff Format..............................................................Passed
Ruff Lint................................................................Passed
Bandit Security Scan.....................................................Passed
Multi-Agent Entry Points & Skill Consistency.........(no files to check)Skipped
Trim Trailing Whitespace.................................................Passed
Fix End of Files.........................................................Passed
Check YAML...........................................(no files to check)Skipped
Check TOML...........................................(no files to check)Skipped
Check Merge Conflict.....................................................Passed
[kwanbum217/bakeoff-mimo c95cd60] feat: add consecutive absent tracking to audit_model_inventory
 3 files changed, 383 insertions(+), 11 deletions(-)
[0m
[0m$ [0morca orchestration send --from worker_bakeoff_mimo \
    --type worker_done --subject "audit_model_inventory 반복 확인 로직 구현 완료" \
    --body "audit_model_inventory.py에 --state 옵션 기반 관측 이력 추적 로직을 추가하여, absent 가 3회 연속 관측될 때만 소멸로 판정하도록 구현했습니다. 상태 파일(data/model_inventory_history.json)에서 pool_name 별로 present/absent/unknown 을 기록하고, unknown 관측은 연속 absent 카운터를 변경하지 않도록 했습니다. 기존 테스트 4건과 신규 테스트 5건(unknown 카운터 보존, absent 경계, present 초기화, 손상된 상태 파일, --reset-state)이 전부 통과하며, ruff check 도 통과했습니다." \
    --task-id task_f0a3e15703eb --dispatch-id ctx_57e813beda0a --outcome succeeded \
    --files-modified "scripts/audit_model_inventory.py,tests/test_audit_model_inventory.py,.gitignore" \
    --report-path "scripts/audit_model_inventory.py"
Sent msg_ac60c1909db0
[0m
작업이 완료되었습니다.

**변경 요약:**

- **`scripts/audit_model_inventory.py`**: `audit_with_state()` 함수 추가. `--state <경로>` 옵션 지정 시 JSON 상태 파일에 pool_name 별 관측 이력을 추적합니다. absent 가 서로 다른 관측 회차에서 3회 연속이면 "소멸"(종료 코드 1), 1~2회면 "의심"(종료 코드 0). unknown 은 카운터를 변경하지 않고 present 는 0으로 초기화합니다. `--reset-state` 옵션도 추가.

- **`tests/test_audit_model_inventory.py`**: 기존 4건 유지 + 신규 5건 추가 (unknown 카운터 보존, absent 2/3 경계, present 초기화, 손상된 상태 파일, reset-state).

- **`.gitignore`**: `data/model_inventory_history.json` 추가.

**검증 결과:**
- `uv run pytest tests/test_audit_model_inventory.py -q`: 9 passed
- `uv run ruff check`: All checks passed
- 기존 전체 테스트 1556 passed (2건 사전 존재 실패는 모델 가중치/chroma_db 미설치 관련,本次 변경 무관)
- 커밋: `c95cd60` on `kwanbum217/bakeoff-mimo`
