# nemotron_ultra  exit/소요초: 0 752
# 원본 크기:    32757 bytes (아래는 마지막 4KB)
---
use "git restore --staged <file>..." to unstage)
	modified:   .gitignore
	modified:   scripts/audit_model_inventory.py
	modified:   tests/test_audit_model_inventory.py

Changes not staged for commit:
  (use "git add <file>..." to update what will be committed)
  (use "git restore <file>..." to discard changes in working directory)
	modified:   scripts/audit_model_inventory.py

Ruff formatted `scripts/audit_model_inventory.py`. Let me add it and commit againNow commit againRuff Format..............................................................
Passed
Ruff Lint................................................................
Passed
Bandit Security Scan.....................................................
Passed
Multi-Agent Entry Points & Skill Consistency.........(no files to check)Skipped
Trim Trailing Whitespace.................................................
Passed
Fix End of Files.........................................................
Passed
Check YAML...........................................(no files to check)Skipped
Check TOML...........................................(no files to check)Skipped
Check Merge Conflict.....................................................
Passed
[kwanbum217/bakeoff-nemotron_ultra ab97c29] feat: add observation history tracking to audit_model_inventory.py
 3 files changed, 332 insertions(+), 15 deletions(-)
Commit is successful. Now let me verify the changes and send the worker_done message.ab97c29 feat: add observation history tracking to audit_model_inventory.py
Commit is done. Now let me run the validation commands to ensure everything passes:
  - uv run pytest tests/test_audit_model_inventory.py -q
  - uv run pytest tests/ -q (should pass except pre-existing failures)
  - uv run ruff check scripts/audit_model_inventory.py tests/test_audit_model_inventory.py.
.
.
.
.
.
.
.
.
.
                                                               [100%]

=============================== warnings summary ===============================
.venv/lib/python3.12/site-packages/fastapi/testclient.py:1
  /Users/kwanbum/orca/workspaces/refac_bid_box/bakeoff-nemotron_ultra/.venv/lib/python3.12/site-packages/fastapi/testclient.py:1: StarletteDeprecationWarning: Using `httpx` with `starlette.testclient` is deprecated; install `httpx2` instead.
    from starlette.testclient import TestClient as TestClient  # noqa

-- Docs: https://docs.pytest.org/en/stable/how-to/capture-warnings.html
10 passed, 1 warning in 0.02s
All tests pass. Let me run the ruff check one more time.[1;32mAll checks passed![0m
Everything is passing. Let me update the todo list and send the worker_done message.All tasks are done. Let me send the worker_done message with a summary.Sent msg_68e894bf0cca
Done. The worker_done message has been sent.

• 작업이 완료되었습니다. `audit_model_inventory.py`에 관측 이력 기반 반복 확인 로직을 구현했고, 모든 요구사항을 충족했습니다:

  **구현 내용:**
  - JSON 상태 파일(`data/model_inventory_history.json`)에 pool별 관측 이력 누적
  - 3회 연속 `absent`일 때만 소멸 판정(종료 코드 1), 1~2회는 `의심 N/3` 출력(종료 코드 0)
  - `present` 관측 시 연속 absent 카운터 초기화
  - `unknown`(조회 실패) 관측은 카운터에 영향 없음(증가/초기화 안 함)
  - `--state` 경로 지정, `--reset-state` 상태 초기화 옵션 추가
  - 상태 파일 없음/손상 시 빈 이력으로 시작(종료 코드 2로 죽지 않음)
  - 모듈 docstring 종료 코드 설명 갱신
  - `data/model_inventory_history.json`을 `.gitignore`에 추가

  **테스트:**
  - 기존 4개 테스트 유지 + 신규 6개 테스트 추가(총 10개)
  - 모든 검증 테스트 통과: unknown 보존, 임계 경계(2회→0, 3회→1), present 초기화, 손상 상태 파일, reset-state, pool별 독립 추적
  - `uv run pytest tests/test_audit_model_inventory.py -q` 통과
  - `uv run ruff check` 통과
  - 작업 브랜치에 커밋 완료 (ab97c29)

To resume this session: kimi -r session_0d93b6dc-328b-4a74-b6ca-f9e77271d11a
