# oc_nemotron_ultra  exit/소요초: 0 541
# 원본 크기:    45548 bytes (아래는 마지막 4KB)
---
.......................Passed
[0m
[0m$ [0mcd /Users/kwanbum/orca/workspaces/refac_bid_box/bakeoff-oc_nemotron_ultra && git status
On branch kwanbum217/bakeoff-oc_nemotron_ultra
Changes to be committed:
  (use "git restore --staged <file>..." to unstage)
	modified:   .gitignore
	modified:   scripts/audit_model_inventory.py
	modified:   tests/test_audit_model_inventory.py

Changes not staged for commit:
  (use "git add <file>..." to update what will be committed)
  (use "git restore <file>..." to discard changes in working directory)
	modified:   scripts/audit_model_inventory.py
[0m
[0m$ [0mcd /Users/kwanbum/orca/workspaces/refac_bid_box/bakeoff-oc_nemotron_ultra && git add scripts/audit_model_inventory.py && git commit -m "feat: audit_model_inventory.py에 관측 이력 기반 반복 확인 로직 추가"
Ruff Format..............................................................Passed
Ruff Lint................................................................Passed
Bandit Security Scan.....................................................Passed
Multi-Agent Entry Points & Skill Consistency.........(no files to check)Skipped
Trim Trailing Whitespace.................................................Passed
Fix End of Files.........................................................Passed
Check YAML...........................................(no files to check)Skipped
Check TOML...........................................(no files to check)Skipped
Check Merge Conflict.....................................................Passed
[kwanbum217/bakeoff-oc_nemotron_ultra 9af64d7] feat: audit_model_inventory.py에 관측 이력 기반 반복 확인 로직 추가
 3 files changed, 308 insertions(+), 12 deletions(-)
[0m
[0m$ [0mcd /Users/kwanbum/orca/workspaces/refac_bid_box/bakeoff-oc_nemotron_ultra && uv run pytest tests/test_audit_model_inventory.py -q && uv run ruff check scripts/audit_model_inventory.py tests/test_audit_model_inventory.py
[32m.[0m[32m.[0m[32m.[0m[32m.[0m[32m.[0m[32m.[0m[32m.[0m[32m.[0m[32m.[0m[33m                                                                [100%][0m
[33m=============================== warnings summary ===============================[0m
.venv/lib/python3.12/site-packages/fastapi/testclient.py:1
  /Users/kwanbum/orca/workspaces/refac_bid_box/bakeoff-oc_nemotron_ultra/.venv/lib/python3.12/site-packages/fastapi/testclient.py:1: StarletteDeprecationWarning: Using `httpx` with `starlette.testclient` is deprecated; install `httpx2` instead.
    from starlette.testclient import TestClient as TestClient  # noqa

-- Docs: https://docs.pytest.org/en/stable/how-to/capture-warnings.html
[33m[32m9 passed[0m, [33m[1m1 warning[0m[33m in 0.02s[0m[0m
[1;32mAll checks passed![0m
[0m
[0m$ [0mcd /Users/kwanbum/orca/workspaces/refac_bid_box/bakeoff-oc_nemotron_ultra && git log --oneline -1
9af64d7 feat: audit_model_inventory.py에 관측 이력 기반 반복 확인 로직 추가
[0m
[0m$ [0morca orchestration send --from worker_bakeoff_oc_nemotron_ultra --type worker_done --subject "audit_model_inventory.py 반복 확인 로직 구현 완료" --body "scripts/audit_model_inventory.py에 관측 이력 기반 반복 확인 로직을 추가했습니다. JSON 상태 파일(data/model_inventory_history.json)에 pool_name별 관측 결과(present/absent/unknown)를 누적하며, absent 3회 연속 시에만 소멸 판정(종료 코드 1)하고 1-2회는 의심 N/3 출력(종료 코드 0)합니다. present 관측 시 카운터 초기화, unknown 관측 시 카운터 보존, --reset-state 옵션, 손상된 상태 파일 그레이스풀 처리 기능을 구현했습니다. 기존 4개 테스트 포함 신규 5개 테스트 총 9개 모두 통과, ruff 검증 통과, 작업 브랜치에 커밋 완료(9af64d7)." --task-id task_5006d3cd401c --dispatch-id ctx_4014cef45dfc --outcome succeeded --files-modified ".gitignore,scripts/audit_model_inventory.py,tests/test_audit_model_inventory.py"
Sent msg_762b63975aa6
[0m
작업이 완료되었습니다. `worker_done` 메시지를 전송했습니다.
