# laguna_xs_r2  exit/소요초: 124 720
# 원본 크기:     5301 bytes (아래는 마지막 4KB)
---
nct`와 `pools` 키를 갖는다
  - absent 3회 연속에서 `--json` 출력의 `extinct`가 1 이상이고 종료 코드가 1
  - absent 2회 연속에서 `extinct`가 0이고 종료 코드가 0이며 해당 pool의 `streak`가 2
  - unknown 관측이 `streak`를 보존
  - 기존 테스트가 전부 통과
  - `uv run pytest tests/ -q` 전량 통과
  - 작업 브랜치에 커밋 1건 이상

  이제 기존 코드를 읽어서 어떻게 수정해야 할지 파악하겠습니다.

• 계약 정본을 확인했습니다. 이제 스크립트와 테스트 파일을 읽어서 구현하겠습니다.

• 이제 테스트 파일을 읽어서 구조를 파악하겠습니다.수고를 down...

  기존 코드를 분석했습니다. 이제 --json 옵션을 구현해야 합니다. 

  핵심 로직을 이해했습니다:
  1. `audit()` 함수는 `(missing_count, lines)` 튜플을 반환
  2. `main()` 함수는 argparse로 옵션을 처리하고 줄을 출력

  --json 옵션 구현 plan:
  1. `--json` 플래그 추가
  2. `--json`이 있으면 사람이 읽는 줄 대신 JSON 객체 출력
  3. JSON 구조:
     - `extinct`: 3회 연속 absent로 소멸된 항목 수
     - `pools`: pool_name을 키로 하는 객체
       - `status`: present, absent, unknown, skipped 중 하나
       - `streak`: 연속 absent 횟수 (present, skipped이면 0)

  4. `--json`과 `--quiet` 같이 주면 `--json`이 우선

  `audit()` 함수를 수정하여 JSON 출력용 데이터를 반환하거나, `main()`에서 직접 구성해야 합니다.

  코드를 구현하겠습니다.

• 이제 코드를 이해했습니다. `--json` 옵션을 추가하고 JSON 출력을 구현하겠습니다.

• 이제 main() 함수를 수정해야 합니다. --json 플래그를 추가하고 JSON 출력 로직을 구현해야 합니다.이제 테스트 파일을 수정해야 합니다. 기존 테스트들이 audit() 함수의 반환값이 2개였던 것을 3개로 받도록 수정하고, 새로운 --json 옵션에 대한 테스트를 추가해야 합니다.

  먼저 기존 테스트들을 수정하고, 그 다음 신규 테스트를 추가하겠습니다.

• 이제 기존 테스트들의 반환값을 처리하도록 수정하고, 새로운 --json 테스트를 추가하겠습니다.

• 이제 test_present_model_passes 함수를 수정해야 합니다.이제 test_unassignable_entry_is_skipped 함수를 수정합니다.이제 test_listing_failure_is_not_reported_as_vanished 함수를 수정합니다.파일 내용이 변경되었습니다. 다시 읽어서 최신 내용을 확인하겠습니다.파일을 다시 읽어서 최신 내용을 확인하겠습니다.기존 테스트들이 반환값이 2개였던 것을 3개로 받도록 수정해야 합니다. 이제 남은 테스트들을 수정하겠습니다.

• 먼저 남은 기존 테스트들을 수정하겠습니다.

• 이제 test_unknown_preserves_counter와 test_unknown_not_reset_counter, test_absent_thresholds_boundary, test_present_resets_counter, test_present_after_absent_resets_counter, test_corrupt_state_file_not_fatal를 수정해야 합니다.test_unknown_not_reset_counter 함수를 수정합니다.test_absent_thresholds_boundary 함수를 수정합니다.test_present_resets_counter 함수를 수정합니다.test_present_after_absent_resets_counter 함수를 수정합니다.test_corrupt_state_file_not_fatal 함수를 수정합니다.이제 --json 옵션에 대한 신규 테스트를 추가해야 합니다. 계약 정본에 따라 다음 테스트들이 필요합니다:
  - `--json` 출력이 `json.loads`로 파싱되고 `extinct`와 `pools` 키를 갖는다.
  - absent 3회 연속에서 `--json` 출력의 `extinct`가 1 이상이고 종료 코드가 1
  - absent 2회 연속에서 `extinct`가 0이고 종료 코드가 0이며 해당 pool의 `streak`가 2
  - unknown 관측이 `streak`를 보존

  파일 끝에 새로운 테스트를 추가하겠습니다.

• 이제 파일 끝에 --json 옵션 테스트를 추가하겠습니다.

• 파일 끝에 새로운 테스트를 추가해야 합니다.