# mimo_r1  exit/소요초: 0 632
# 원본 크기:    76749 bytes (아래는 마지막 4KB)
---
del_files') / 'v25') / 'model.bin').exists[0m

[1m[31mtests/test_data_preservation.py[0m:29: AssertionError
[31m[1m____________________________ test_chroma_db_exists _____________________________[0m

    [0m[94mdef[39;49;00m[90m [39;49;00m[92mtest_chroma_db_exists[39;49;00m():[90m[39;49;00m
        chroma = Path([33m"[39;49;00m[33mchroma_db[39;49;00m[33m"[39;49;00m)[90m[39;49;00m
        [94massert[39;49;00m chroma.exists(), [33m"[39;49;00m[33mchroma_db 디렉터리 없음[39;49;00m[33m"[39;49;00m[90m[39;49;00m
        dirs = [p [94mfor[39;49;00m p [95min[39;49;00m chroma.iterdir() [94mif[39;49;00m p.is_dir()][90m[39;49;00m
>       [94massert[39;49;00m [96mlen[39;49;00m(dirs) >= [94m1[39;49;00m, [33m"[39;49;00m[33mchroma_db 안에 컬렉션 디렉터리가 없음[39;49;00m[33m"[39;49;00m[90m[39;49;00m
[1m[31mE       AssertionError: chroma_db 안에 컬렉션 디렉터리가 없음[0m
[1m[31mE       assert 0 >= 1[0m
[1m[31mE        +  where 0 = len([])[0m

[1m[31mtests/test_data_preservation.py[0m:36: AssertionError
[33m=============================== warnings summary ===============================[0m
.venv/lib/python3.12/site-packages/fastapi/testclient.py:1
  /Users/kwanbum/Documents/korea_IT/lanhchain_ai_vision/bench-ws-3/b2-mimo/.venv/lib/python3.12/site-packages/fastapi/testclient.py:1: StarletteDeprecationWarning: Using `httpx` with `starlette.testclient` is deprecated; install `httpx2` instead.
    from starlette.testclient import TestClient as TestClient  # noqa

tests/test_kb_incremental_indexing.py: 139 warnings
  /Users/kwanbum/Documents/korea_IT/lanhchain_ai_vision/bench-ws-3/b2-mimo/.venv/lib/python3.12/site-packages/chromadb/types.py:144: PydanticDeprecatedSince211: Accessing the 'model_fields' attribute on the instance is deprecated. Instead, you should access this attribute from the model class. Deprecated in Pydantic V2.11 to be removed in V3.0.
    return self.model_fields  # pydantic 2.x

tests/test_mlops_pipeline.py: 2 warnings
tests/test_retrain_pipeline_e2e.py: 55 warnings
  /Users/kwanbum/Documents/korea_IT/lanhchain_ai_vision/bench-ws-3/b2-mimo/.venv/lib/python3.12/site-packages/lightgbm/sklearn.py:1106: LGBMDeprecationWarning: The argument 'eval_set' is deprecated, use 'eval_X' and 'eval_y' instead.
    eval_set = _validate_eval_set_Xy(eval_set=eval_set, eval_X=eval_X, eval_y=eval_y)

tests/test_promotion_cli.py: 14 warnings
  /Users/kwanbum/Documents/korea_IT/lanhchain_ai_vision/bench-ws-3/b2-mimo/.venv/lib/python3.12/site-packages/joblib/numpy_pickle.py:207: DeprecationWarning: Setting the shape on a NumPy array has been deprecated in NumPy 2.5.
  As an alternative, you can create a new view using np.reshape (with copy=False if needed).
    array.shape = self.shape

-- Docs: https://docs.pytest.org/en/stable/how-to/capture-warnings.html
[36m[1m=========================== short test summary info ============================[0m
[31mFAILED[0m tests/test_data_preservation.py::[1mtest_model_bin_files_exist[0m - AssertionError: 모델 가중치 없음: v25/model.bin
[31mFAILED[0m tests/test_data_preservation.py::[1mtest_chroma_db_exists[0m - AssertionError: chroma_db 안에 컬렉션 디렉터리가 없음
[31m[31m[1m2 failed[0m, [32m1565 passed[0m, [33m6 skipped[0m, [33m211 warnings[0m[31m in 63.71s (0:01:03)[0m[0m
[0m
작업 완료. 요약:

**변경 파일:**
- `scripts/audit_model_inventory.py` - `audit()` 반환값에 pools 딕셔너리 추가, `main()`에 `--json` 플래그 처리
- `tests/test_audit_model_inventory.py` - 기존 테스트 언패킹 수정 + `TestJsonOutput` 클래스에7건의 새 테스트 추가

**JSON 출력 형식:**
```json
{"extinct": 0, "pools": {"pool_name": {"status": "present|absent|unknown|skipped", "streak": 0}}}
```

**검증 결과:**
- `uv run pytest tests/test_audit_model_inventory.py -q`: 18 passed
- `uv run pytest tests/ -q`: 1565 passed, 2 failed (이전부터 존재하는 `test_data_preservation.py` 환경 의존 테스트)
- 커밋: `57e24c5` (b2-mimo 브랜치)
