# oc_nemo3ultra_r2  exit/소요초: 0 703
# 원본 크기:    86049 bytes (아래는 마지막 4KB)
---
ied by this hook

2 files reformatted

Ruff Lint................................................................Passed
Bandit Security Scan.....................................................Passed
Multi-Agent Entry Points & Skill Consistency.........(no files to check)Skipped
Trim Trailing Whitespace.................................................Passed
Fix End of Files.........................................................Passed
Check YAML...........................................(no files to check)Skipped
Check TOML...........................................(no files to check)Skipped
Check Merge Conflict.....................................................Passed
[0m
[0m$ [0mgit add scripts/audit_model_inventory.py tests/test_audit_model_inventory.py && git commit -m "feat: add --json output option to audit_model_inventory.py"
Ruff Format..............................................................Passed
Ruff Lint................................................................Passed
Bandit Security Scan.....................................................Passed
Multi-Agent Entry Points & Skill Consistency.........(no files to check)Skipped
Trim Trailing Whitespace.................................................Passed
Fix End of Files.........................................................Passed
Check YAML...........................................(no files to check)Skipped
Check TOML...........................................(no files to check)Skipped
Check Merge Conflict.....................................................Passed
[b2-oc_nemo3ultra 3438bb1] feat: add --json output option to audit_model_inventory.py
 2 files changed, 297 insertions(+), 35 deletions(-)
[0m
[0m$ [0muv run pytest tests/test_audit_model_inventory.py -q
[32m.[0m[32m.[0m[32m.[0m[32m.[0m[32m.[0m[32m.[0m[32m.[0m[32m.[0m[32m.[0m[32m.[0m[32m.[0m[32m.[0m[32m.[0m[32m.[0m[32m.[0m[32m.[0m[32m.[0m[32m.[0m[33m                                                       [100%][0m
[33m=============================== warnings summary ===============================[0m
.venv/lib/python3.12/site-packages/fastapi/testclient.py:1
  /Users/kwanbum/Documents/korea_IT/lanhchain_ai_vision/bench-ws-3/b2-oc_nemo3ultra/.venv/lib/python3.12/site-packages/fastapi/testclient.py:1: StarletteDeprecationWarning: Using `httpx` with `starlette.testclient` is deprecated; install `httpx2` instead.
    from starlette.testclient import TestClient as TestClient  # noqa

-- Docs: https://docs.pytest.org/en/stable/how-to/capture-warnings.html
[33m[32m18 passed[0m, [33m[1m1 warning[0m[33m in 0.04s[0m[0m
[0m
Done. The `--json` output option has been added to `scripts/audit_model_inventory.py` with the following features:

**Changes made:**
1. Added `--json` flag to the argument parser
2. Modified `audit()` to return a 3-tuple `(missing, lines, json_result)` with JSON structure containing:
   - `extinct`: integer count of pools with 3+ consecutive absents
   - `pools`: object with pool_name keys and values containing `status` (present/absent/unknown/skipped) and `streak` (consecutive absent count, 0 for present/skipped)
3. When `--json` is specified, outputs only a single JSON object to stdout (no human-readable text)
4. Exit codes remain unchanged (0=all ok/suspected, 1=extinct found, 2=tool error)
5. `--json` takes precedence over `--quiet`

**Tests added (7 new tests):**
- `test_json_output_structure` - verifies JSON parsing and structure
- `test_json_output_extinct_count` - verifies extinct >=1 and exit code 1 after 3 absents
- `test_json_output_absent_two_streak_zero_extinct` - verifies streak=2, extinct=0, exit code 0 after 2 absents
- `test_json_output_unknown_preserves_streak` - verifies unknown preserves streak (doesn't increase/reset)
- `test_json_output_skipped_for_unassignable` - verifies skipped status for empty suitable_for
- `test_json_overrides_quiet` - verifies --json wins over --quiet
- `test_json_exit_code_unchanged` - verifies exit codes unchanged with/without --json

All 18 tests pass. Committed to branch.
