# laguna_xs_r1  exit/소요초: 0 429
# 원본    37187 bytes (마지막 3KB)
---
Replace `if`-`else`-block with `streak = counter if status == "absent" or status == "unknown" else 0`[0m

Found 2 errors (1 fixed, 1 remaining).
No fixes available (1 hidden fix can be enabled with the `--unsafe-fixes` option).

Bandit Security Scan.....................................................
Passed
Multi-Agent Entry Points & Skill Consistency.........(no files to check)Skipped
Trim Trailing Whitespace.................................................
Passed
Fix End of Files.........................................................
Passed
Check YAML...........................................(no files to check)Skipped
Check TOML...........................................(no files to check)Skipped
Check Merge Conflict.....................................................
Passed
Ruff 린터가 `if`-`else`-block을 ternary operator로 변경하라고 합니다. 수정하겠습니다.Ruff 린터가 요구한 것처럼 ternary operator로 변경하겠습니다.이제 커밋을 다시 시도해 보겠습니다.Ruff Format..............................................................
Passed
Ruff Lint................................................................
Passed
Bandit Security Scan.....................................................
Passed
Multi-Agent Entry Points & Skill Consistency.........(no files to check)Skipped
Trim Trailing Whitespace.................................................
Passed
Fix End of Files.........................................................
Passed
Check YAML...........................................(no files to check)Skipped
Check TOML...........................................(no files to check)Skipped
Check Merge Conflict.....................................................
Passed
[kwanbum217/b2-laguna_xs 889ad67] feat: add --json output option to audit_model_inventory.py
 2 files changed, 207 insertions(+), 2 deletions(-)
커밋이 성공했습니다. 이제 todo를 업데이트하겠습니다.

• 작업이 완료되었습니다.

  **요약:**

  1. `scripts/audit_model_inventory.py`에 `--json` 플래그를 추가했습니다.
     - `--json` 지정 시 stdout에 JSON 객체 하나만 출력합니다.
     - JSON 구조: `{"extinct": <int>, "pools": {"pool_name": {"status": "present|absent|unknown|skipped", "streak": <int>}}}`
     - `skipped` 풀은 `suitable_for`가 비어 있을 때 적용됩니다.
     - `--json` 과 `--quiet`가 함께 주면 `--json`이 우선합니다.

  2. `tests/test_audit_model_inventory.py`에 6개의 신규 테스트를 추가했습니다:
     - `test_json_output_has_required_keys`
     - `test_json_extinct_after_three_absent`
     - `test_json_streak_after_two_absent`
     - `test_json_unknown_preserves_streak`
     - `test_json_skipped_pool_has_status_skipped`
     - `test_json_quiet_precedence`

  3. 모든 테스트 통과: `uv run pytest tests/test_audit_model_inventory.py -q` → 17 passed

  4. 작업 브랜치(`kwanbum217/b2-laguna_xs`)에 커밋 완료.

To resume this session: kimi -r session_ebf177cb-8992-4e75-badc-37fc110ac770
