# laguna_xs_r3  exit/소요초: 0 458
# 원본    23091 bytes (마지막 3KB)
---
.........................
Passed
Fix End of Files.........................................................
Passed
Check YAML...........................................(no files to check)Skipped
Check TOML...........................................(no files to check)Skipped
Check Merge Conflict.....................................................
Passed
[kwanbum217/b2-laguna_xs 1b80496] feat: add --json option to audit_model_inventory.py
 2 files changed, 248 insertions(+), 34 deletions(-)
커밋이 성공했습니다. 이제 검증을 완료하고 종료하겠습니다.

  캡슐의 요구사항을 다시 확인해보면:
  - `uv run pytest tests/test_audit_model_inventory.py -q` - 통과해야 함
  - `uv run pytest tests/ -q` - 전량 통과
  - 작업 브랜치에 커밋이 1건 이상

  우리는 테스트를 다시 실행해서 통과했는지 확인해야 합니다..
.
.
.
.
.
.
.
.
.
.
.
.
.
.
.
.
                                                        [100%]

=============================== warnings summary ===============================
.venv/lib/python3.12/site-packages/fastapi/testclient.py:1
  /Users/kwanbum/orca/workspaces/refac_bid_box/b2-laguna_xs/.venv/lib/python3.12/site-packages/fastapi/testclient.py:1: StarletteDeprecationWarning: Using `httpx` with `starlette.testclient` is deprecated; install `httpx2` instead.
    from starlette.testclient import TestClient as TestClient  # noqa

-- Docs: https://docs.pytest.org/en/stable/how-to/capture-warnings.html
17 passed, 1 warning in 0.04s
모든 테스트가 통과했습니다. 커밋도 완료되었습니다.

  결과를 요약하겠습니다:
  - `scripts/audit_model_inventory.py`에 `--json` 옵션 추가
  - JSON 출력 구조: `{"extinct": <int>, "pools": {pool_name: {"status": str, "streak": int}}}`
  - `skipped` 상태는 suitable_for가 빈 목록인 경우
  - `streak`는 연속 absent 횟수, present/skipped은 0
  - `--json`과 `--quiet` 함께 시도 시 JSON 출력 우선
  - 기존 종료 코드 규칙 유지
  - tests/test_audit_model_inventory.py에 6개 새로운 JSON 테스트 추가
  - 모든 17개 테스트 통과
  - 커밋 완료: 1b80496

• 작업이 완료되었습니다.

  **요약:**
  1. `scripts/audit_model_inventory.py`에 `--json` 플래그 추가
  2. JSON 출력 구조: `{"extinct": <int>, "pools": {pool_name: {"status": str, "streak": int}}}`
     - `extinct`: 3회 연속 absent로 소멸된 항목 수
     - `pools`: 각 pool별 `status`(present/absent/unknown/skipped)와 `streak`
     - `skipped`: suitable_for가 빈 목록인 경우의 배정 대상이 아닌 항목
     - `streak`: 연속 absent 횟수 (present/skipped이면 0)
  3. `--json`과 `--quiet` 함께 시도 시 JSON 출력 우선
  4. 기존 종료 코드 규칙(0: 전부 확인/의심, 1: 소멸 발견, 2: 도구 오류) 유지
  5. `tests/test_audit_model_inventory.py`에 6개 새로운 JSON 테스트 추가
  6. 모든 17개 테스트 통과
  7. 커밋 완료: `1b80496`

To resume this session: kimi -r session_06d10f6d-46a4-439c-a15e-477cea4cfc56
