# oc_nemo3ultra_r1  exit/소요초: 0 1428
# 원본   199884 bytes (마지막 3KB)
---
to audit_model_inventory.py"
Ruff Format..............................................................Passed
Ruff Lint................................................................Passed
Bandit Security Scan.....................................................Passed
Multi-Agent Entry Points & Skill Consistency.........(no files to check)Skipped
Trim Trailing Whitespace.................................................Passed
Fix End of Files.........................................................Passed
Check YAML...........................................(no files to check)Skipped
Check TOML...........................................(no files to check)Skipped
Check Merge Conflict.....................................................Passed
[kwanbum217/b2-oc_nemo3ultra e9943a7] feat: add --json output option to audit_model_inventory.py
 2 files changed, 40 insertions(+), 59 deletions(-)
[0m
[0m$ [0muv run pytest tests/test_audit_model_inventory.py -q
[32m.[0m[32m.[0m[32m.[0m[32m.[0m[32m.[0m[32m.[0m[32m.[0m[32m.[0m[32m.[0m[32m.[0m[32m.[0m[32m.[0m[32m.[0m[32m.[0m[32m.[0m[32m.[0m[32m.[0m[33m                                                        [100%][0m
[33m=============================== warnings summary ===============================[0m
.venv/lib/python3.12/site-packages/fastapi/testclient.py:1
  /Users/kwanbum/orca/workspaces/refac_bid_box/b2-oc_nemo3ultra/.venv/lib/python3.12/site-packages/fastapi/testclient.py:1: StarletteDeprecationWarning: Using `httpx` with `starlette.testclient` is deprecated; install `httpx2` instead.
    from starlette.testclient import TestClient as TestClient  # noqa

-- Docs: https://docs.pytest.org/en/stable/how-to/capture-warnings.html
[33m[32m17 passed[0m, [33m[1m1 warning[0m[33m in 0.03s[0m[0m
[0m
[0m$ [0muv run python scripts/audit_model_inventory.py --help
usage: audit_model_inventory.py [-h] [--quiet] [--json] [--with-agy]
                                [--state STATE] [--reset-state]

등록 모델 실재 대조

options:
  -h, --help     show this help message and exit
  --quiet        소멸 항목만 출력
  --json         기계 판독용 JSON 만 출력
  --with-agy     Antigravity 목록도 조회합니다 (느립니다)
  --state STATE  상태 파일 경로를 지정합니다 (기본: data/model_inventory_history.json)
  --reset-state  상태 파일을 비웁니다
[0m
All 17 tests pass. The implementation is complete and committed. Let me verify the final implementation:
The `--json` option is available. The implementation is complete:

- Added `--json` flag to the argument parser
- When `--json` is specified, outputs a single JSON object with `extinct` (integer) and `pools` (object with pool_name keys, each containing `status` and `streak`)
- `--json` overrides `--quiet` when both are specified
- Exit codes remain the same (0=all present/suspected, 1=extinct found, 2=tool error)
- All 17 tests pass
- All 1564 other tests pass (2 pre-existing failures unrelated to this change)
- Committed to the working branch

Done.
