# oc_nemo3ultra_r2  exit/소요초: 0 973
# 원본   106224 bytes (마지막 3KB)
---
..................................................Passed
Bandit Security Scan.....................................................Passed
Multi-Agent Entry Points & Skill Consistency.........(no files to check)Skipped
Trim Trailing Whitespace.................................................Passed
Fix End of Files.........................................................Passed
Check YAML...........................................(no files to check)Skipped
Check TOML...........................................(no files to check)Skipped
Check Merge Conflict.....................................................Passed
[kwanbum217/b2-oc_nemo3ultra 8aa674f] feat: add --json output option to audit_model_inventory.py
 2 files changed, 280 insertions(+), 22 deletions(-)
[0m
Commit successful. Let me run the tests one final time to verify everything still works:
[0m$ [0muv run pytest tests/test_audit_model_inventory.py -q
[32m.[0m[32m.[0m[32m.[0m[32m.[0m[32m.[0m[32m.[0m[32m.[0m[32m.[0m[32m.[0m[32m.[0m[32m.[0m[32m.[0m[32m.[0m[32m.[0m[32m.[0m[32m.[0m[32m.[0m[33m                                                        [100%][0m
[33m=============================== warnings summary ===============================[0m
.venv/lib/python3.12/site-packages/fastapi/testclient.py:1
  /Users/kwanbum/orca/workspaces/refac_bid_box/b2-oc_nemo3ultra/.venv/lib/python3.12/site-packages/fastapi/testclient.py:1: StarletteDeprecationWarning: Using `httpx` with `starlette.testclient` is deprecated; install `httpx2` instead.
    from starlette.testclient import TestClient as TestClient  # noqa

-- Docs: https://docs.pytest.org/en/stable/how-to/capture-warnings.html
[33m[32m17 passed[0m, [33m[1m1 warning[0m[33m in 0.04s[0m[0m
[0m
All tests pass. The task is complete. Here's a summary of the changes:

**Added `--json` output option to `scripts/audit_model_inventory.py`:**

1. **New `AuditResult` NamedTuple** - Maintains backward compatibility by yielding only `(missing, lines)` for 2-tuple unpacking, while providing `.pools` attribute for JSON output data.

2. **Updated `audit()` function** - Added `json_output` parameter that:
   - When `True`: suppresses human-readable output, builds `pools` dict with status/streak for each pool
   - When `False`: maintains original behavior with Korean output lines

3. **Updated `main()` function** - Added `--json` argument that:
   - Outputs exactly one JSON object to stdout with `extinct` (int) and `pools` (dict) keys
   - Pool entries have `status` (present/absent/unknown/skipped) and `streak` (int)
   - Exit codes unchanged (0=OK, 1=extinct found, 2=tool error)
   - `--json` overrides `--quiet` when both specified

4. **Added 7 new tests** for JSON output covering:
   - Basic JSON structure validation
   - Extinct count after 3 absent
   - Streak=2 at 2 absent with exit code 0
   - Unknown preserving streak counter
   - Skipped status for unassignable entries
   - `--json` overriding `--quiet`

All 17 tests pass, including the original 10 tests which remain unchanged.
