# or_nemoultra_r2  exit/소요초: 0 560
# 원본    48827 bytes (마지막 3KB)
---
INFO] Restored changes from /Users/kwanbum/.cache/pre-commit/patch1787226950-49149.
pre-commit이 여전히 이전 버전을 캐시하고 있는 것 같습니다. 파일 내용을 다시 확인해보겠습니다.이미 수정되었는데 pre-commit이 캐시된 내용을 보는 것 같습니다. 다시 add하고 커밋해보겠습니다.이제 다시 커밋해보겠습니다.Ruff Format..............................................................
Passed
Ruff Lint................................................................
Passed
Bandit Security Scan.....................................................
Passed
Multi-Agent Entry Points & Skill Consistency.........(no files to check)Skipped
Trim Trailing Whitespace.................................................
Passed
Fix End of Files.........................................................
Passed
Check YAML...........................................(no files to check)Skipped
Check TOML...........................................(no files to check)Skipped
Check Merge Conflict.....................................................
Passed
[kwanbum217/b2-or_nemoultra af83276] feat: add --json output option to audit_model_inventory.py
 2 files changed, 308 insertions(+), 25 deletions(-)
The commit was successful. Let me update the todo list and verify the task is complete.All tasks are completed. Let me provide a summary to the user.

• 작업이 완료되었습니다. 요약:

  **변경 사항:**
  1. `scripts/audit_model_inventory.py`에 `--json` 옵션 추가
     - `--json` 플래그 지정 시 기계 판독용 JSON 객체 하나만 stdout에 출력
     - JSON 구조: `{"extinct": int, "pools": {pool_name: {"status": "present|absent|unknown|skipped", "streak": int}}}`
     - `--json`과 `--quiet` 함께 지정 시 `--json`이 우선 (JSON만 출력)
     - 종료 코드 규칙은 기존과 동일 유지 (0: 전부 확인/의심, 1: 소멸, 2: 도구 오류)

  2. `tests/test_audit_model_inventory.py`에 8개 신규 테스트 추가
     - `test_json_output_basic`: 기본 JSON 출력 검증
     - `test_json_output_extinct`: 3회 연속 absent에서 extinct≥1, 종료코드 1
     - `test_json_output_absent_two_times`: 2회 absent에서 extinct=0, streak=2
     - `test_json_output_unknown_preserves_streak`: unknown이 streak 보존
     - `test_json_output_skipped_for_unassignable`: suitable_for 비면 skipped
     - `test_json_overrides_quiet`: --json이 --quiet을 이김
     - `test_json_exit_code_unchanged`: 종료 코드 규칙 동일
     - `test_audit_returns_pools_data`: audit() 반환값 검증

  **검증:**
  - `uv run pytest tests/test_audit_model_inventory.py -q` - 19개 테스트 전부 통과
  - `uv run pytest tests/ -q` - 내 작업 관련 테스트 모두 통과 (기존 데이터 파일 부재로 인한 2개 테스트 실패는 내 작업과 무관)

  **커밋:**
  - `feat: add --json output option to audit_model_inventory.py` (브랜치 `kwanbum217/b2-or_nemoultra`)

To resume this session: kimi -r session_7df8d408-b68f-46dd-8d24-d35ca03690a0
